// Jest Snapshot v1, https://goo.gl/fbAQLP

exports[`<Feedback> should render default success 1`] = `
<DocumentFragment>
  <div>
    Test
    <input
      class="form-control is-valid"
    />
    <div
      class="valid-feedback"
    />
  </div>
</DocumentFragment>
`;
